#############################
DOCKER ORIENTATION:
#############################

sonar@sonar:~$ docker orientation --help

Usage:  docker [OPTIONS] COMMAND

A self-sufficient runtime for containers

Options:
      --config string      Location of client config files (default "/home/sonar/.docker")
  -D, --debug              Enable debug mode
  -H, --host list          Daemon socket(s) to connect to
  -l, --log-level string   Set the logging level ("debug"|"info"|"warn"|"error"|"fatal") (default "info")
      --tls                Use TLS; implied by --tlsverify
      --tlscacert string   Trust certs signed only by this CA (default "/home/sonar/.docker/ca.pem")
      --tlscert string     Path to TLS certificate file (default "/home/sonar/.docker/cert.pem")
      --tlskey string      Path to TLS key file (default "/home/sonar/.docker/key.pem")
      --tlsverify          Use TLS and verify the remote
  -v, --version            Print version information and quit

path : $ sudo cd /var/lib/docker/
Management Commands:
  builder     Manage builds
  config      Manage Docker configs
  container   Manage containers
  engine      Manage the docker engine
  image       Manage images
  network     Manage networks
  node        Manage Swarm nodes
  plugin      Manage plugins
  secret      Manage Docker secrets
  service     Manage services
  stack       Manage Docker stacks
  swarm       Manage Swarm
  system      Manage Docker
  trust       Manage trust on Docker images
  volume      Manage volumes

Commands:
  attach      Attach local standard input, output, and error streams to a running container
  build       Build an image from a Dockerfile
  commit      Create a new image from a container's changes
  cp          Copy files/folders between a container and the local filesystem
  create      Create a new container
  deploy      Deploy a new stack or update an existing stack
  diff        Inspect changes to files or directories on a container's filesystem
  events      Get real time events from the server
  exec        Run a command in a running container
  export      Export a container's filesystem as a tar archive
  history     Show the history of an image
  images      List images
  import      Import the contents from a tarball to create a filesystem image
  info        Display system-wide information
  inspect     Return low-level information on Docker objects
  kill        Kill one or more running containers
  load        Load an image from a tar archive or STDIN
  login       Log in to a Docker registry
  logout      Log out from a Docker registry
  logs        Fetch the logs of a container
  pause       Pause all processes within one or more containers
  port        List port mappings or a specific mapping for the container
  ps          List containers
  pull        Pull an image or a repository from a registry
  push        Push an image or a repository to a registry
  rename      Rename a container
  restart     Restart one or more containers
  rm          Remove one or more containers
  rmi         Remove one or more images
  run         Run a command in a new container
  save        Save one or more images to a tar archive (streamed to STDOUT by default)
  search      Search the Docker Hub for images
  start       Start one or more stopped containers
  stats       Display a live stream of container(s) resource usage statistics
  stop        Stop one or more running containers
  tag         Create a tag TARGET_IMAGE that refers to SOURCE_IMAGE
  top         Display the running processes of a container
  unpause     Unpause all processes within one or more containers
  update      Update configuration of one or more containers
  version     Show the Docker version information
  wait        Block until one or more containers stop, then print their exit codes

Run 'docker COMMAND --help' for more information on a command.
^^^^^^^^^^^^^^^^^^^^^^^^^^^^^^^^^^^^^^^^^^^^^^^^^^^^^^^^^^^^^^^^^^^^^^^^^^^^^^^^^^^


##########################
DOCKER SERVICES
##########################

sonar@sonar:~$ docker service --help

Usage:  docker service COMMAND

Manage services

Commands:
  create      Create a new service
  inspect     Display detailed information on one or more services
  logs        Fetch the logs of a service or task
  ls          List services
  ps          List the tasks of one or more services
  rm          Remove one or more services
  rollback    Revert changes to a service's configuration
  scale       Scale one or multiple replicated services
  update      Update a service

Run 'docker service COMMAND --help' for more information on a command.

##############################


###########################
1. DOCKER VOLUME COMMANDS :
###########################

[[[[[[[[[[[[[[[[[[[[[[[[[[[[[[[[[[[[[[[[[[[[[[[[[[[[[[[[[[[[
$ docker volume

Usage:  docker volume COMMAND

Manage volumes

Commands:
  create      Create a volume
  inspect     Display detailed information on one or more volumes
  ls          List volumes
  prune       Remove all unused local volumes
  rm          Remove one or more volumes

Run 'docker volume COMMAND --help' for more information on a command.
]]]]]]]]]]]]]]]]]]]]]]]]]]]]]]]]]]]]]]]]]]]]]]]]]]]]]]]]]]]]]]]]]]]]]]]
^^^^^^^^^^^^^^^^^^^^^^^^^^^^^^^^^^^^^^^^^^^^^^^^^^^^^^^^^^^^^^^^^^^^^^^



####################################
2. DOCKER CONTAINERS COMMANDS:
####################################
[[[[[[[[[[[[[[[[[[[[[[[[[[[[[[[[[[[[[[[[[[[[[[[[
$ docker container --help

Usage:  docker container COMMAND

Manage containers

Commands:
  attach      Attach local standard input, output, and error streams to a running container
  commit      Create a new image from a container's changes
  cp          Copy files/folders between a container and the local filesystem
  create      Create a new container
  diff        Inspect changes to files or directories on a container's filesystem
  exec        Run a command in a running container
  export      Export a container's filesystem as a tar archive
  inspect     Display detailed information on one or more containers
  kill        Kill one or more running containers
  logs        Fetch the logs of a container
  ls          List containers
  pause       Pause all processes within one or more containers
  port        List port mappings or a specific mapping for the container
  prune       Remove all stopped containers
  rename      Rename a container
  restart     Restart one or more containers
  rm          Remove one or more containers
  run         Run a command in a new container
  start       Start one or more stopped containers
  stats       Display a live stream of container(s) resource usage statistics
  stop        Stop one or more running containers
  top         Display the running processes of a container
  unpause     Unpause all processes within one or more containers
  update      Update configuration of one or more containers
  wait        Block until one or more containers stop, then print their exit codes

Run 'docker container COMMAND --help' for more information on a command.
]]]]]]]]]]]]]]]]]]]]]]]]]]]]]]]]]]]]]]]]]]]]]]]]]]]]]]]]]]]]]]]]]]]]]]]]]]]]


^^^^^^^^^^^^^^^^^^^^^^^^^^^^^^^^^^^^^^^^^^^^^^^^^^^^^^^^^^^^^^^^^^^^^^^^^^^^^^^^^^^^^^^^^^^^^^^^^^^^^^^^
********************************************************************************************************
#####################################
3. DOCKER IMAGES COMMAND:
#####################################

[[[[[[[[[[[[[[[[[[[[[[[[[[[[[[[[[[[[[
$ docker image

Usage:  docker image COMMAND

Manage images

Commands:
  build       Build an image from a Dockerfile
  history     Show the history of an image
  import      Import the contents from a tarball to create a filesystem image
  inspect     Display detailed information on one or more images
  load        Load an image from a tar archive or STDIN
  ls          List images
  prune       Remove unused images
  pull        Pull an image or a repository from a registry
  push        Push an image or a repository to a registry
  rm          Remove one or more images
  save        Save one or more images to a tar archive (streamed to STDOUT by default)
  tag         Create a tag TARGET_IMAGE that refers to SOURCE_IMAGE

Run 'docker image COMMAND --help' for more information on a command.
]]]]]]]]]]]]]]]]]]]]]]]]]]]]]]]]]]]]]]]]]]]]]]]]]]]]]]]]]]]]]]]]]]]]]]]

^^^^^^^^^^^^^^^^^^^^^^^^^^^^^^^^^^^^^^^^^^^^^^^^^^^^^^^^^^^^^^^^^^^^^^^^^^^^^^^^^^^^^^^^^^^^^^^^^^^^^^^^^^
**********************************************************************************************************
#################################
4. HOW TO Remove
#################################

How To Remove Docker Containers, Images, Volumes, and Networks:
https://linuxize.com/post/how-to-remove-docker-images-containers-volumes-and-networks/
^
|
CONTENTS :

Removing All Unused Objects
Removing Docker Containers
Remove one or more containers
Remove all stopped containers
Remove containers using filters
Stop and remove all containers
Removing Docker Images
Remove one or more images
Remove dangling and unused images
Remove images using filters
Removing Docker Volumes
Remove one or more volumes
Remove unused volumes
Removing Docker Networks
Remove one or more networks
Remove unused network
Remove networks using filters
Conclusion


^^^^^^^^^^^^^^^^^^^^^^^^^^^^^^^^^^^^^^^^^^^^^^^^^^^^^^^^^^^^^^^^^^^^^^^^^^^^^^^^^^^^^^^^^^^^^^^^^^^^^^^^^^^^^^^
***************************************************************************************************************

###################################
5. PRODUCT MANUALS SECTION OF DOCKER:
###################################
DOCKER MACHINE ----->
###################################

Install Machine:----------->>

## Link:--->>
https://docs.docker.com/machine/install-machine/

## Update Git Link:
https://github.com/docker/machine/releases/

On macOS and Windows, Machine is installed along with other Docker products when you install the Docker for Mac, Docker for Windows, or Docker Toolbox.

1. Install Docker.
2. Download the Docker Machine binary and extract it to your PATH.

## If you are running Linux:

$ base=https://github.com/docker/machine/releases/download/v0.16.0 &&
  curl -L $base/docker-machine-$(uname -s)-$(uname -m) >/tmp/docker-machine &&
  sudo install /tmp/docker-machine /usr/local/bin/docker-machine



docker/machine

v0.16.1
    Installation:
If you're a Mac or Windows user, the Docker Toolbox will install Docker Machine v0.16.1 for you, alongside the latest versions of the Docker Engine, Compose and Kitematic.

You can use the usual commands to install or upgrade:
    On Linux:

$ curl -L https://github.com/docker/machine/releases/download/v0.16.1/docker-machine-`uname -s`-`uname -m` >/tmp/docker-machine &&
    chmod +x /tmp/docker-machine &&
    sudo cp /tmp/docker-machine /usr/local/bin/docker-machine


###########################
6. DOCKER MACHINE COMMANDS :
###########################

$ docker-machine --help

Usage: docker-machine [OPTIONS] COMMAND [arg...]

Create and manage machines running Docker.

Version: 0.16.1, build cce350d7

Author:
  Docker Machine Contributors - <https://github.com/docker/machine>

Options:
  --debug, -D                                           Enable debug m                                                                         ode
  --storage-path, -s "/home/sonar/.docker/machine"      Configures sto                                                                         rage path [$MACHINE_STORAGE_PATH]
  --tls-ca-cert                                         CA to verify r                                                                         emotes against [$MACHINE_TLS_CA_CERT]
  --tls-ca-key                                          Private key to                                                                          generate certificates [$MACHINE_TLS_CA_KEY]
  --tls-client-cert                                     Client cert to                                                                          use for TLS [$MACHINE_TLS_CLIENT_CERT]
  --tls-client-key                                      Private key us                                                                         ed in client TLS auth [$MACHINE_TLS_CLIENT_KEY]
  --github-api-token                                    Token to use f                                                                         or requests to the Github API [$MACHINE_GITHUB_API_TOKEN]
  --native-ssh                                          Use the native                                                                          (Go-based) SSH implementation. [$MACHINE_NATIVE_SSH]
  --bugsnag-api-token                                   BugSnag API to                                                                         ken for crash reporting [$MACHINE_BUGSNAG_API_TOKEN]
  --help, -h                                            show help
  --version, -v                                         print the vers                                                                         ion

Commands:
  active                Print which machine is active
  config                Print the connection config for machine
  create                Create a machine
  env                   Display the commands to set up the environment                                                                          for the Docker client
  inspect               Inspect information about a machine
  ip                    Get the IP address of a machine
  kill                  Kill a machine
  ls                    List machines
  provision             Re-provision existing machines
  regenerate-certs      Regenerate TLS Certificates for a machine
  restart               Restart a machine
  rm                    Remove a machine
  ssh                   Log into or run a command on a machine with SS                                                                         H.
  scp                   Copy files between machines
  mount                 Mount or unmount a directory from a machine wi                                                                         th SSHFS.
  start                 Start a machine
  status                Get the status of a machine
  stop                  Stop a machine
  upgrade               Upgrade a machine to the latest version of Doc                                                                         ker
  url                   Get the URL of a machine
  version               Show the Docker Machine version or a machine d                                                                         ocker version
  help                  Shows a list of commands or help for one comma                                                                         nd

Run 'docker-machine COMMAND --help' for more information on a command.

	

^^^^^^^^^^^^^^^^^^^^^^^^^^^^^^^^^^^^^^^^^^^^^^^^^^^^^^^^^^^^^^^^^^^^^^^^^^^^^^
##############################
7. GUIDES MANUALS OF DOCKER :
##############################

This link is good to get an overview of these topics:

https://docs.docker.com/get-started/

Get started
Get started with Docker
Part 1: Orientation
Part 2: Containers
Part 3: Services
Part 4: Swarms
Part 5: Stacks
Part 6: Deploy your app
Docker overview
	
^^^^^^^^^^^^^^^^^^^^^^^^^^^^^^^^^^^^^^^^^^^^^^^^^^^^^^^^^^^^^^^^^^^^^^^^^^^

##################################
DOCKER SwarmS
##################################

sonar@sonar:~$ docker swarm --help

Usage:  docker swarm COMMAND

Manage Swarm

Commands:
  ca          Display and rotate the root CA
  init        Initialize a swarm
  join        Join a swarm as a node and/or manager
  join-token  Manage join tokens
  leave       Leave the swarm
  unlock      Unlock swarm
  unlock-key  Manage the unlock key
  update      Update the swarm

Run 'docker swarm COMMAND --help' for more information on a command.
^^^^^^^^^^^^^^^^^^^^^^^^^^^^^^^^^^^^^^^^^^^^^^^^^^^^^^^^^^^^^^^^^^^^^^^^^

###################
DOCKER STACKS
##################
sonar@sonar:~$ docker stack --help

Usage:  docker stack [OPTIONS] COMMAND

Manage Docker stacks

Options:
      --orchestrator string   Orchestrator to use (swarm|kubernetes|all)

Commands:
  deploy      Deploy a new stack or update an existing stack
  ls          List stacks
  ps          List the tasks in the stack
  rm          Remove one or more stacks
  services    List the services in the stack

Run 'docker stack COMMAND --help' for more information on a command.
^^^^^^^^^^^^^^^^^^^^^^^^^^^^^^^^^^^^^^^^^^^^^^^^^^^^^^^^^^^^^^^^^^^^^^^

#################
DOCKER Deploy
#################

sonar@sonar:~$ docker deploy --help

Usage:  docker deploy [OPTIONS] STACK

Deploy a new stack or update an existing stack

Options:
      --bundle-file string     Path to a Distributed Application Bundle file
  -c, --compose-file strings   Path to a Compose file, or "-" to read from stdin
      --namespace string       Kubernetes namespace to use
      --prune                  Prune services that are no longer referenced
      --resolve-image string   Query the registry to resolve image digest and supported platforms ("always"|"changed"|"never") (default
                               "always")
      --with-registry-auth     Send registry authentication details to Swarm agents
*************************************************************************

